com\spring\mytourbook\service\TravelsServiceImpl.class
com\spring\mytourbook\entities\Feedback.class
com\spring\mytourbook\service\IBookingService.class
com\spring\mytourbook\entities\Customer.class
com\spring\mytourbook\entities\TicketDetails.class
com\spring\mytourbook\repository\ITravelsRepository.class
com\spring\mytourbook\entities\TravelPackage.class
com\spring\mytourbook\entities\Hotel.class
com\spring\mytourbook\service\CustomerServiceImpl.class
com\spring\mytourbook\entities\PaymentDetails.class
com\spring\mytourbook\service\FeedbackServiceImpl.class
com\spring\mytourbook\repository\IPackageRepository.class
com\spring\mytourbook\SwaggerConfig.class
com\spring\mytourbook\entities\User.class
com\spring\mytourbook\service\PackageServiceImpl.class
com\spring\mytourbook\repository\IBookingRepository.class
com\spring\mytourbook\repository\ICustomerRepository.class
com\spring\mytourbook\controller\CustomerController.class
com\spring\mytourbook\controller\TravelsController.class
com\spring\mytourbook\entities\Route.class
com\spring\mytourbook\service\IRouteService.class
com\spring\mytourbook\service\UserServiceImpl.class
com\spring\mytourbook\controller\UserController.class
com\spring\mytourbook\service\IPackageService.class
com\spring\mytourbook\entities\Admin.class
com\spring\mytourbook\controller\BookingController.class
com\spring\mytourbook\controller\PackageController.class
com\spring\mytourbook\service\IFeedbackService.class
com\spring\mytourbook\repository\IReportRepository.class
com\spring\mytourbook\service\IReportService.class
com\spring\mytourbook\controller\FeedbackController.class
com\spring\mytourbook\service\ReportServiceImpl.class
com\spring\mytourbook\service\IUserService.class
com\spring\mytourbook\entities\Report.class
com\spring\mytourbook\service\RouteServiceImpl.class
com\spring\mytourbook\repository\IFeedbackRepository.class
com\spring\mytourbook\service\BookingServiceImpl.class
com\spring\mytourbook\repository\IUserRepository.class
com\spring\mytourbook\MytourbookApplication.class
com\spring\mytourbook\entities\Travels.class
com\spring\mytourbook\service\ITravelsService.class
com\spring\mytourbook\controller\ReportController.class
com\spring\mytourbook\controller\RouteController.class
com\spring\mytourbook\service\ICustomerService.class
com\spring\mytourbook\entities\Booking.class
com\spring\mytourbook\entities\Bus.class
com\spring\mytourbook\repository\IRouteRepository.class
