D:\mytourbook\src\main\java\com\spring\mytourbook\repository\IFeedbackRepository.java
D:\mytourbook\src\main\java\com\spring\mytourbook\service\PackageServiceImpl.java
D:\mytourbook\src\main\java\com\spring\mytourbook\controller\BookingController.java
D:\mytourbook\src\main\java\com\spring\mytourbook\entities\TravelPackage.java
D:\mytourbook\src\main\java\com\spring\mytourbook\entities\Feedback.java
D:\mytourbook\src\main\java\com\spring\mytourbook\service\IReportService.java
D:\mytourbook\src\main\java\com\spring\mytourbook\controller\CustomerController.java
D:\mytourbook\src\main\java\com\spring\mytourbook\controller\UserController.java
D:\mytourbook\src\main\java\com\spring\mytourbook\repository\IPackageRepository.java
D:\mytourbook\src\main\java\com\spring\mytourbook\service\IFeedbackService.java
D:\mytourbook\src\main\java\com\spring\mytourbook\service\IUserService.java
D:\mytourbook\src\main\java\com\spring\mytourbook\service\ITravelsService.java
D:\mytourbook\src\main\java\com\spring\mytourbook\entities\Admin.java
D:\mytourbook\src\main\java\com\spring\mytourbook\service\ReportServiceImpl.java
D:\mytourbook\src\main\java\com\spring\mytourbook\entities\Travels.java
D:\mytourbook\src\main\java\com\spring\mytourbook\controller\RouteController.java
D:\mytourbook\src\main\java\com\spring\mytourbook\entities\Booking.java
D:\mytourbook\src\main\java\com\spring\mytourbook\entities\Hotel.java
D:\mytourbook\src\main\java\com\spring\mytourbook\MytourbookApplication.java
D:\mytourbook\src\main\java\com\spring\mytourbook\entities\PaymentDetails.java
D:\mytourbook\src\main\java\com\spring\mytourbook\entities\Bus.java
D:\mytourbook\src\main\java\com\spring\mytourbook\SwaggerConfig.java
D:\mytourbook\src\main\java\com\spring\mytourbook\service\IBookingService.java
D:\mytourbook\src\main\java\com\spring\mytourbook\service\CustomerServiceImpl.java
D:\mytourbook\src\main\java\com\spring\mytourbook\service\IPackageService.java
D:\mytourbook\src\main\java\com\spring\mytourbook\entities\Report.java
D:\mytourbook\src\main\java\com\spring\mytourbook\repository\IReportRepository.java
D:\mytourbook\src\main\java\com\spring\mytourbook\repository\IBookingRepository.java
D:\mytourbook\src\main\java\com\spring\mytourbook\controller\PackageController.java
D:\mytourbook\src\main\java\com\spring\mytourbook\entities\Route.java
D:\mytourbook\src\main\java\com\spring\mytourbook\repository\IRouteRepository.java
D:\mytourbook\src\main\java\com\spring\mytourbook\service\RouteServiceImpl.java
D:\mytourbook\src\main\java\com\spring\mytourbook\repository\IUserRepository.java
D:\mytourbook\src\main\java\com\spring\mytourbook\service\TravelsServiceImpl.java
D:\mytourbook\src\main\java\com\spring\mytourbook\controller\ReportController.java
D:\mytourbook\src\main\java\com\spring\mytourbook\service\ICustomerService.java
D:\mytourbook\src\main\java\com\spring\mytourbook\service\BookingServiceImpl.java
D:\mytourbook\src\main\java\com\spring\mytourbook\service\IRouteService.java
D:\mytourbook\src\main\java\com\spring\mytourbook\service\UserServiceImpl.java
D:\mytourbook\src\main\java\com\spring\mytourbook\repository\ITravelsRepository.java
D:\mytourbook\src\main\java\com\spring\mytourbook\entities\User.java
D:\mytourbook\src\main\java\com\spring\mytourbook\controller\TravelsController.java
D:\mytourbook\src\main\java\com\spring\mytourbook\repository\ICustomerRepository.java
D:\mytourbook\src\main\java\com\spring\mytourbook\service\FeedbackServiceImpl.java
D:\mytourbook\src\main\java\com\spring\mytourbook\controller\FeedbackController.java
D:\mytourbook\src\main\java\com\spring\mytourbook\entities\Customer.java
D:\mytourbook\src\main\java\com\spring\mytourbook\entities\TicketDetails.java
